[    0.000000] Linux version 4.15.0-212-generic (buildd@lcy02-amd64-083) (gcc version 7.5.0 (Ubuntu 7.5.0-3ubuntu1~18.04)) #223-Ubuntu SMP Tue May 23 13:09:22 UTC 2023 (Ubuntu 4.15.0-212.223-generic 4.15.18)
[    0.000000] Command line: BOOT_IMAGE=/boot/vmlinuz-4.15.0-212-generic root=LABEL=cloudimg-rootfs ro console=tty1 console=ttyS0
[    0.000000] KERNEL supported cpus:
[    0.000000]   Intel GenuineIntel
[    0.000000]   AMD AuthenticAMD
[    0.000000]   Centaur CentaurHauls
[    0.000000] x86/fpu: Supporting XSAVE feature 0x001: 'x87 floating point registers'
[    0.000000] x86/fpu: Supporting XSAVE feature 0x002: 'SSE registers'
[    0.000000] x86/fpu: Supporting XSAVE feature 0x004: 'AVX registers'
[    0.000000] x86/fpu: xstate_offset[2]:  576, xstate_sizes[2]:  256
[    0.000000] x86/fpu: Enabled xstate features 0x7, context size is 832 bytes, using 'standard' format.
[    0.000000] e820: BIOS-provided physical RAM map:
[    0.000000] BIOS-e820: [mem 0x0000000000000000-0x000000000009fbff] usable
[    0.000000] BIOS-e820: [mem 0x000000000009fc00-0x000000000009ffff] reserved
[    0.000000] BIOS-e820: [mem 0x00000000000f0000-0x00000000000fffff] reserved
[    0.000000] BIOS-e820: [mem 0x0000000000100000-0x000000003ffeffff] usable
[    0.000000] BIOS-e820: [mem 0x000000003fff0000-0x000000003fffffff] ACPI data
[    0.000000] BIOS-e820: [mem 0x00000000fec00000-0x00000000fec00fff] reserved
[    0.000000] BIOS-e820: [mem 0x00000000fee00000-0x00000000fee00fff] reserved
[    0.000000] BIOS-e820: [mem 0x00000000fffc0000-0x00000000ffffffff] reserved
[    0.000000] NX (Execute Disable) protection: active
[    0.000000] SMBIOS 2.5 present.
[    0.000000] DMI: innotek GmbH VirtualBox/VirtualBox, BIOS VirtualBox 12/01/2006
[    0.000000] Hypervisor detected: KVM
[    0.000000] e820: last_pfn = 0x3fff0 max_arch_pfn = 0x400000000
[    0.000000] MTRR: Disabled
[    0.000000] x86/PAT: MTRRs disabled, skipping PAT initialization too.
[    0.000000] CPU MTRRs all blank - virtualized system.
[    0.000000] x86/PAT: Configuration [0-7]: WB  WT  UC- UC  WB  WT  UC- UC  
[    0.000000] found SMP MP-table at [mem 0x0009fff0-0x0009ffff]
[    0.000000] Scanning 1 areas for low memory corruption
[    0.000000] RAMDISK: [mem 0x359cb000-0x36cdcfff]
[    0.000000] ACPI: Early table checksum verification disabled
[    0.000000] ACPI: RSDP 0x00000000000E0000 000024 (v02 VBOX  )
[    0.000000] ACPI: XSDT 0x000000003FFF0030 00003C (v01 VBOX   VBOXXSDT 00000001 ASL  00000061)
[    0.000000] ACPI: FACP 0x000000003FFF00F0 0000F4 (v04 VBOX   VBOXFACP 00000001 ASL  00000061)
[    0.000000] ACPI: DSDT 0x000000003FFF0610 002353 (v02 VBOX   VBOXBIOS 00000002 INTL 20210930)
[    0.000000] ACPI: FACS 0x000000003FFF0200 000040
[    0.000000] ACPI: FACS 0x000000003FFF0200 000040
[    0.000000] ACPI: APIC 0x000000003FFF0240 00005C (v02 VBOX   VBOXAPIC 00000001 ASL  00000061)
[    0.000000] ACPI: SSDT 0x000000003FFF02A0 00036C (v01 VBOX   VBOXCPUT 00000002 INTL 20210930)
[    0.000000] ACPI: Reserving FACP table memory at [mem 0x3fff00f0-0x3fff01e3]
[    0.000000] ACPI: Reserving DSDT table memory at [mem 0x3fff0610-0x3fff2962]
[    0.000000] ACPI: Reserving FACS table memory at [mem 0x3fff0200-0x3fff023f]
[    0.000000] ACPI: Reserving FACS table memory at [mem 0x3fff0200-0x3fff023f]
[    0.000000] ACPI: Reserving APIC table memory at [mem 0x3fff0240-0x3fff029b]
[    0.000000] ACPI: Reserving SSDT table memory at [mem 0x3fff02a0-0x3fff060b]
[    0.000000] No NUMA configuration found
[    0.000000] Faking a node at [mem 0x0000000000000000-0x000000003ffeffff]
[    0.000000] NODE_DATA(0) allocated [mem 0x3ffc5000-0x3ffeffff]
[    0.000000] kvm-clock: cpu 0, msr 0:3ff44001, primary cpu clock
[    0.000000] kvm-clock: Using msrs 4b564d01 and 4b564d00
[    0.000000] kvm-clock: using sched offset of 3733880799 cycles
[    0.000000] clocksource: kvm-clock: mask: 0xffffffffffffffff max_cycles: 0x1cd42e4dffb, max_idle_ns: 881590591483 ns
[    0.000000] Zone ranges:
[    0.000000]   DMA      [mem 0x0000000000001000-0x0000000000ffffff]
[    0.000000]   DMA32    [mem 0x0000000001000000-0x000000003ffeffff]
[    0.000000]   Normal   empty
[    0.000000]   Device   empty
[    0.000000] Movable zone start for each node
[    0.000000] Early memory node ranges
[    0.000000]   node   0: [mem 0x0000000000001000-0x000000000009efff]
[    0.000000]   node   0: [mem 0x0000000000100000-0x000000003ffeffff]
[    0.000000] Reserved but unavailable: 104 pages
[    0.000000] Initmem setup node 0 [mem 0x0000000000001000-0x000000003ffeffff]
[    0.000000] ACPI: PM-Timer IO Port: 0x4008
[    0.000000] IOAPIC[0]: apic_id 2, version 32, address 0xfec00000, GSI 0-23
[    0.000000] ACPI: INT_SRC_OVR (bus 0 bus_irq 0 global_irq 2 dfl dfl)
[    0.000000] ACPI: INT_SRC_OVR (bus 0 bus_irq 9 global_irq 9 low level)
[    0.000000] Using ACPI (MADT) for SMP configuration information
[    0.000000] smpboot: Allowing 2 CPUs, 0 hotplug CPUs
[    0.000000] PM: Registered nosave memory: [mem 0x00000000-0x00000fff]
[    0.000000] PM: Registered nosave memory: [mem 0x0009f000-0x0009ffff]
[    0.000000] PM: Registered nosave memory: [mem 0x000a0000-0x000effff]
[    0.000000] PM: Registered nosave memory: [mem 0x000f0000-0x000fffff]
[    0.000000] e820: [mem 0x40000000-0xfebfffff] available for PCI devices
[    0.000000] Booting paravirtualized kernel on KVM
[    0.000000] clocksource: refined-jiffies: mask: 0xffffffff max_cycles: 0xffffffff, max_idle_ns: 7645519600211568 ns
[    0.000000] setup_percpu: NR_CPUS:8192 nr_cpumask_bits:2 nr_cpu_ids:2 nr_node_ids:1
[    0.000000] percpu: Embedded 50 pages/cpu s167936 r8192 d28672 u1048576
[    0.000000] PV qspinlock hash table entries: 256 (order: 0, 4096 bytes)
[    0.000000] Built 1 zonelists, mobility grouping on.  Total pages: 257913
[    0.000000] Policy zone: DMA32
[    0.000000] Kernel command line: BOOT_IMAGE=/boot/vmlinuz-4.15.0-212-generic root=LABEL=cloudimg-rootfs ro console=tty1 console=ttyS0
[    0.000000] Memory: 982644K/1048120K available (12300K kernel code, 2477K rwdata, 4324K rodata, 2480K init, 2720K bss, 65476K reserved, 0K cma-reserved)
[    0.000000] SLUB: HWalign=64, Order=0-3, MinObjects=0, CPUs=2, Nodes=1
[    0.000000] Kernel/User page tables isolation: enabled
[    0.000000] ftrace: allocating 39508 entries in 155 pages
[    0.004000] Hierarchical RCU implementation.
[    0.004000] 	RCU restricting CPUs from NR_CPUS=8192 to nr_cpu_ids=2.
[    0.004000] 	Tasks RCU enabled.
[    0.004000] RCU: Adjusting geometry for rcu_fanout_leaf=16, nr_cpu_ids=2
[    0.004000] NR_IRQS: 524544, nr_irqs: 440, preallocated irqs: 16
[    0.004000] random: crng init done
[    0.004000] Console: colour VGA+ 80x25
[    0.004000] console [tty1] enabled
[    0.004000] console [ttyS0] enabled
[    0.004000] ACPI: Core revision 20170831
[    0.004000] ACPI: 2 ACPI AML tables successfully acquired and loaded
[    0.004000] APIC: Switch to symmetric I/O mode setup
[    0.005675] x2apic enabled
[    0.008025] Switched APIC routing to physical x2apic.
[    0.016000] ..TIMER: vector=0x30 apic1=0 pin1=2 apic2=-1 pin2=-1
[    0.016004] tsc: Detected 2289.802 MHz processor
[    0.020012] Calibrating delay loop (skipped) preset value.. 4579.60 BogoMIPS (lpj=9159208)
[    0.024004] pid_max: default: 32768 minimum: 301
[    0.028049] Security Framework initialized
[    0.031633] Yama: becoming mindful.
[    0.032045] AppArmor: AppArmor initialized
[    0.037202] Dentry cache hash table entries: 131072 (order: 8, 1048576 bytes)
[    0.040603] Inode-cache hash table entries: 65536 (order: 7, 524288 bytes)
[    0.044037] Mount-cache hash table entries: 2048 (order: 2, 16384 bytes)
[    0.048031] Mountpoint-cache hash table entries: 2048 (order: 2, 16384 bytes)
[    0.056855] Last level iTLB entries: 4KB 64, 2MB 8, 4MB 8
[    0.060004] Last level dTLB entries: 4KB 64, 2MB 0, 4MB 0, 1GB 4
[    0.064025] Spectre V1 : Mitigation: usercopy/swapgs barriers and __user pointer sanitization
[    0.068005] Spectre V2 : Mitigation: Retpolines
[    0.072003] Spectre V2 : Spectre v2 / SpectreRSB mitigation: Filling RSB on context switch
[    0.076003] Spectre V2 : Spectre v2 / SpectreRSB : Filling RSB on VMEXIT
[    0.080004] RETBleed: WARNING: Spectre v2 mitigation leaves CPU vulnerable to RETBleed attacks, data leaks possible!
[    0.084003] RETBleed: Vulnerable
[    0.088004] Speculative Store Bypass: Vulnerable
[    0.092142] MDS: Mitigation: Clear CPU buffers
[    0.096003] MMIO Stale Data: Mitigation: Clear CPU buffers
[    0.100023] SRBDS: Unknown: Dependent on hypervisor status
[    0.104219] Freeing SMP alternatives memory: 36K
[    0.224276] APIC calibration not consistent with PM-Timer: 101ms instead of 100ms
[    0.228000] APIC delta adjusted to PM-Timer: 6278489 (6348649)
[    0.228368] smpboot: CPU0: Intel(R) Core(TM) i9-9880H CPU @ 2.30GHz (family: 0x6, model: 0x9e, stepping: 0xd)
[    0.232207] Performance Events: unsupported p6 CPU model 158 no PMU driver, software events only.
[    0.236082] Hierarchical SRCU implementation.
[    0.240732] NMI watchdog: Perf event create on CPU 0 failed with -2
[    0.244003] NMI watchdog: Perf NMI watchdog permanently disabled
[    0.248138] smp: Bringing up secondary CPUs ...
[    0.252343] x86: Booting SMP configuration:
[    0.256004] .... node  #0, CPUs:      #1
[    0.004000] kvm-clock: cpu 1, msr 0:3ff44041, secondary cpu clock
[    0.264142] smp: Brought up 1 node, 2 CPUs
[    0.268006] smpboot: Max logical packages: 1
[    0.271611] smpboot: Total of 2 processors activated (9159.20 BogoMIPS)
[    0.276276] devtmpfs: initialized
[    0.280083] x86/mm: Memory block size: 128MB
[    0.284246] evm: security.selinux
[    0.287114] evm: security.SMACK64
[    0.288003] evm: security.SMACK64EXEC
[    0.292003] evm: security.SMACK64TRANSMUTE
[    0.296003] evm: security.SMACK64MMAP
[    0.299233] evm: security.apparmor
[    0.300003] evm: security.ima
[    0.304003] evm: security.capability
[    0.308250] clocksource: jiffies: mask: 0xffffffff max_cycles: 0xffffffff, max_idle_ns: 7645041785100000 ns
[    0.312011] futex hash table entries: 512 (order: 3, 32768 bytes)
[    0.316095] pinctrl core: initialized pinctrl subsystem
[    0.320451] RTC time: 13:59:14, date: 09/29/23
[    0.324429] NET: Registered protocol family 16
[    0.328102] audit: initializing netlink subsys (disabled)
[    0.332102] audit: type=2000 audit(1695995959.274:1): state=initialized audit_enabled=0 res=1
[    0.340009] cpuidle: using governor ladder
[    0.344011] cpuidle: using governor menu
[    0.348061] ACPI: bus type PCI registered
[    0.352005] acpiphp: ACPI Hot Plug PCI Controller Driver version: 0.5
[    0.356445] PCI: Using configuration type 1 for base access
[    0.361466] HugeTLB registered 2.00 MiB page size, pre-allocated 0 pages
[    0.368161] ACPI: Added _OSI(Module Device)
[    0.372012] ACPI: Added _OSI(Processor Device)
[    0.376004] ACPI: Added _OSI(3.0 _SCP Extensions)
[    0.380004] ACPI: Added _OSI(Processor Aggregator Device)
[    0.384005] ACPI: Added _OSI(Linux-Dell-Video)
[    0.388005] ACPI: Added _OSI(Linux-Lenovo-NV-HDMI-Audio)
[    0.392005] ACPI: Added _OSI(Linux-HPI-Hybrid-Graphics)
[    0.400230] ACPI: Executed 1 blocks of module-level executable AML code
[    0.411292] ACPI: Interpreter enabled
[    0.412017] ACPI: (supports S0 S5)
[    0.416004] ACPI: Using IOAPIC for interrupt routing
[    0.420528] PCI: Using host bridge windows from ACPI; if necessary, use "pci=nocrs" and report a bug
[    0.424307] ACPI: Enabled 2 GPEs in block 00 to 07
[    0.442976] ACPI: PCI Root Bridge [PCI0] (domain 0000 [bus 00-ff])
[    0.444010] acpi PNP0A03:00: _OSC: OS supports [ASPM ClockPM Segments MSI]
[    0.449058] acpi PNP0A03:00: _OSC: not requesting OS control; OS requires [ExtendedConfig ASPM ClockPM MSI]
[    0.452023] acpi PNP0A03:00: fail to add MMCONFIG information, can't access extended PCI configuration space under this bridge.
[    0.456992] PCI host bridge to bus 0000:00
[    0.460007] pci_bus 0000:00: root bus resource [io  0x0000-0x0cf7 window]
[    0.464006] pci_bus 0000:00: root bus resource [io  0x0d00-0xffff window]
[    0.468006] pci_bus 0000:00: root bus resource [mem 0x000a0000-0x000bffff window]
[    0.472006] pci_bus 0000:00: root bus resource [mem 0x40000000-0xfdffffff window]
[    0.476007] pci_bus 0000:00: root bus resource [bus 00-ff]
[    0.488046] pci 0000:00:01.1: legacy IDE quirk: reg 0x10: [io  0x01f0-0x01f7]
[    0.492013] pci 0000:00:01.1: legacy IDE quirk: reg 0x14: [io  0x03f6]
[    0.496009] pci 0000:00:01.1: legacy IDE quirk: reg 0x18: [io  0x0170-0x0177]
[    0.500009] pci 0000:00:01.1: legacy IDE quirk: reg 0x1c: [io  0x0376]
[    0.580416] pci 0000:00:07.0: quirk: [io  0x4000-0x403f] claimed by PIIX4 ACPI
[    0.584048] pci 0000:00:07.0: quirk: [io  0x4100-0x410f] claimed by PIIX4 SMB
[    0.605429] ACPI: PCI Interrupt Link [LNKA] (IRQs 5 9 10 *11)
[    0.608742] ACPI: PCI Interrupt Link [LNKB] (IRQs 5 9 *10 11)
[    0.612281] ACPI: PCI Interrupt Link [LNKC] (IRQs 5 *9 10 11)
[    0.616277] ACPI: PCI Interrupt Link [LNKD] (IRQs 5 9 10 *11)
[    0.620542] SCSI subsystem initialized
[    0.624124] pci 0000:00:02.0: vgaarb: setting as boot VGA device
[    0.628000] pci 0000:00:02.0: vgaarb: VGA device added: decodes=io+mem,owns=io+mem,locks=none
[    0.628010] pci 0000:00:02.0: vgaarb: bridge control possible
[    0.632004] vgaarb: loaded
[    0.636065] ACPI: bus type USB registered
[    0.640030] usbcore: registered new interface driver usbfs
[    0.644031] usbcore: registered new interface driver hub
[    0.648016] usbcore: registered new device driver usb
[    0.652174] EDAC MC: Ver: 3.0.0
[    0.660188] PCI: Using ACPI for IRQ routing
[    0.664911] NetLabel: Initializing
[    0.668004] NetLabel:  domain hash size = 128
[    0.672003] NetLabel:  protocols = UNLABELED CIPSOv4 CALIPSO
[    0.676024] NetLabel:  unlabeled traffic allowed by default
[    0.680178] clocksource: Switched to clocksource kvm-clock
[    0.704997] VFS: Disk quotas dquot_6.6.0
[    0.708468] VFS: Dquot-cache hash table entries: 512 (order 0, 4096 bytes)
[    0.714301] AppArmor: AppArmor Filesystem Enabled
[    0.718425] pnp: PnP ACPI init
[    0.723907] pnp: PnP ACPI: found 3 devices
[    0.749066] clocksource: acpi_pm: mask: 0xffffff max_cycles: 0xffffff, max_idle_ns: 2085701024 ns
[    0.756289] NET: Registered protocol family 2
[    0.760188] IP idents hash table entries: 16384 (order: 5, 131072 bytes)
[    0.766302] TCP established hash table entries: 8192 (order: 4, 65536 bytes)
[    0.772234] TCP bind hash table entries: 8192 (order: 5, 131072 bytes)
[    0.777698] TCP: Hash tables configured (established 8192 bind 8192)
[    0.783131] UDP hash table entries: 512 (order: 2, 16384 bytes)
[    0.788074] UDP-Lite hash table entries: 512 (order: 2, 16384 bytes)
[    0.793344] NET: Registered protocol family 1
[    0.797109] pci 0000:00:00.0: Limiting direct PCI/PCI transfers
[    0.802495] pci 0000:00:01.0: Activating ISA DMA hang workarounds
[    0.807828] pci 0000:00:02.0: Video device with shadowed ROM at [mem 0x000c0000-0x000dffff]
[    0.815646] Unpacking initramfs...
[    1.261227] Freeing initrd memory: 19528K
[    1.265280] clocksource: tsc: mask: 0xffffffffffffffff max_cycles: 0x2101935590b, max_idle_ns: 440795225267 ns
[    1.273796] platform rtc_cmos: registered platform RTC device (no PNP device found)
[    1.280147] Scanning for low memory corruption every 60 seconds
[    1.286856] Initialise system trusted keyrings
[    1.291128] Key type blacklist registered
[    1.294962] workingset: timestamp_bits=36 max_order=18 bucket_order=0
[    1.302930] zbud: loaded
[    1.306603] squashfs: version 4.0 (2009/01/31) Phillip Lougher
[    1.312825] fuse init (API version 7.26)
[    1.326161] Key type asymmetric registered
[    1.329711] Asymmetric key parser 'x509' registered
[    1.333931] Block layer SCSI generic (bsg) driver version 0.4 loaded (major 246)
[    1.340754] io scheduler noop registered
[    1.344706] io scheduler deadline registered
[    1.348777] io scheduler cfq registered (default)
[    1.354156] ACPI: AC Adapter [AC] (off-line)
[    1.358404] input: Power Button as /devices/LNXSYSTM:00/LNXPWRBN:00/input/input0
[    1.365381] ACPI: Power Button [PWRF]
[    1.369283] input: Sleep Button as /devices/LNXSYSTM:00/LNXSLPBN:00/input/input1
[    1.375870] ACPI: Sleep Button [SLPF]
[    1.380281] Serial: 8250/16550 driver, 32 ports, IRQ sharing enabled
[    1.382870] ACPI: Battery Slot [BAT0] (battery present)
[    1.419098] 00:02: ttyS0 at I/O 0x3f8 (irq = 4, base_baud = 115200) is a 16550A
[    1.434309] Linux agpgart interface v0.103
[    1.442370] loop: module loaded
[    1.447358] scsi host0: ata_piix
[    1.450629] scsi host1: ata_piix
[    1.453682] ata1: PATA max UDMA/33 cmd 0x1f0 ctl 0x3f6 bmdma 0xd000 irq 14
[    1.459582] ata2: PATA max UDMA/33 cmd 0x170 ctl 0x376 bmdma 0xd008 irq 15
[    1.466407] tun: Universal TUN/TAP device driver, 1.6
[    1.472821] PPP generic driver version 2.4.2
[    1.477020] ehci_hcd: USB 2.0 'Enhanced' Host Controller (EHCI) Driver
[    1.482673] ehci-pci: EHCI PCI platform driver
[    1.486744] ehci-platform: EHCI generic platform driver
[    1.491241] ohci_hcd: USB 1.1 'Open' Host Controller (OHCI) Driver
[    1.496561] ohci-pci: OHCI PCI platform driver
[    1.500636] ohci-platform: OHCI generic platform driver
[    1.505510] uhci_hcd: USB Universal Host Controller Interface driver
[    1.510920] i8042: PNP: PS/2 Controller [PNP0303:PS2K,PNP0f03:PS2M] at 0x60,0x64 irq 1,12
[    1.521033] serio: i8042 KBD port at 0x60,0x64 irq 1
[    1.525335] serio: i8042 AUX port at 0x60,0x64 irq 12
[    1.530431] mousedev: PS/2 mouse device common for all mice
[    1.539000] input: AT Translated Set 2 keyboard as /devices/platform/i8042/serio0/input/input2
[    1.545319] rtc_cmos rtc_cmos: rtc core: registered rtc_cmos as rtc0
[    1.552818] rtc_cmos rtc_cmos: alarms up to one day, 114 bytes nvram
[    1.556088] i2c /dev entries driver
[    1.562180] device-mapper: uevent: version 1.0.3
[    1.567133] device-mapper: ioctl: 4.37.0-ioctl (2017-09-20) initialised: dm-devel@redhat.com
[    1.575761] ledtrig-cpu: registered to indicate activity on CPUs
[    1.583714] NET: Registered protocol family 10
[    1.596031] Segment Routing with IPv6
[    1.599913] NET: Registered protocol family 17
[    1.604815] Key type dns_resolver registered
[    1.609818] mce: Using 0 MCE banks
[    1.613262] RAS: Correctable Errors collector initialized.
[    1.613784] sched_clock: Marking stable (1609784625, 0)->(2360485183, -750700558)
[    1.640656] registered taskstats version 1
[    1.645016] Loading compiled-in X.509 certificates
[    1.697055] Loaded X.509 cert 'Build time autogenerated kernel key: b5b26778eaa3ab3a4a6cee031137706e947d12ad'
[    1.705832] Loaded X.509 cert 'Canonical Ltd. Live Patch Signing: 14df34d1a87cf37625abec039ef2bf521249b969'
[    1.714563] Loaded X.509 cert 'Canonical Ltd. Kernel Module Signing: 88f752e560a1e0737e31163a466ad7b70a850c19'
[    1.723386] blacklist: Loading compiled-in revocation X.509 certificates
[    1.729175] Loaded X.509 cert 'Canonical Ltd. Secure Boot Signing: 61482aa2830d0ab2ad5af10b7250da9033ddcef0'
[    1.737342] Loaded X.509 cert 'Canonical Ltd. Secure Boot Signing (2017): 242ade75ac4a15e50d50c84b0d45ff3eae707a03'
[    1.747045] Loaded X.509 cert 'Canonical Ltd. Secure Boot Signing (ESM 2018): 365188c1d374d6b07c3c8f240f8ef722433d6a8b'
[    1.756924] Loaded X.509 cert 'Canonical Ltd. Secure Boot Signing (2019): c0746fd6c5da3ae827864651ad66ae47fe24b3e8'
[    1.765708] Loaded X.509 cert 'Canonical Ltd. Secure Boot Signing (2021 v1): a8d54bbb3825cfb94fa13c9f8a594a195c107b8d'
[    1.774459] Loaded X.509 cert 'Canonical Ltd. Secure Boot Signing (2021 v2): 4cf046892d6fd3c9a5b03f98d845f90851dc6a8c'
[    1.783565] Loaded X.509 cert 'Canonical Ltd. Secure Boot Signing (2021 v3): 100437bb6de6e469b581e61cd66bce3ef4ed53af'
[    1.792250] Loaded X.509 cert 'Canonical Ltd. Secure Boot Signing (Ubuntu Core 2019): c1d57b8f6b743f23ee41f4f7ee292f06eecadfb9'
[    1.801460] zswap: loaded using pool lzo/zbud
[    1.813626] Key type big_key registered
[    1.817017] Key type trusted registered
[    1.824655] Key type encrypted registered
[    1.828227] AppArmor: AppArmor sha1 policy hashing enabled
[    1.832752] ima: No TPM chip found, activating TPM-bypass! (rc=-19)
[    1.838123] ima: Allocated hash algorithm: sha1
[    1.842306] evm: HMAC attrs: 0x1
[    1.846094]   Magic number: 7:21:990
[    1.850143] rtc_cmos rtc_cmos: setting system clock to 2023-09-29 13:59:16 UTC (1695995956)
[    1.857912] BIOS EDD facility v0.16 2004-Jun-25, 0 devices found
[    1.863596] EDD information not available.
[    1.871516] Freeing unused kernel image memory: 2480K
[    1.893020] Write protecting the kernel read-only data: 20480k
[    1.898716] Freeing unused kernel image memory: 2008K
[    1.903748] Freeing unused kernel image memory: 1820K
[    1.918475] x86/mm: Checked W+X mappings: passed, no W+X pages found.
[    1.924442] x86/mm: Checking user space page tables
[    1.938474] x86/mm: Checked W+X mappings: passed, no W+X pages found.
Loading, please wait...
starting version 237
[    2.027798] e1000: Intel(R) PRO/1000 Network Driver - version 7.3.21-k8-NAPI
[    2.034207] e1000: Copyright (c) 1999-2006 Intel Corporation.
[    2.052975] Fusion MPT base driver 3.04.20
[    2.057539] Copyright (c) 1999-2008 LSI Corporation
[    2.071549] Fusion MPT SPI Host driver 3.04.20
[    2.100574] AVX2 version of gcm_enc/dec engaged.
[    2.105609] AES CTR mode by8 optimization enabled
[    2.302141] input: ImExPS/2 Generic Explorer Mouse as /devices/platform/i8042/serio1/input/input4
[    2.624786] e1000 0000:00:03.0 eth0: (PCI:33MHz:32-bit) 02:3b:7b:b7:3b:2d
[    2.631493] e1000 0000:00:03.0 eth0: Intel(R) PRO/1000 Network Connection
[    2.639887] mptbase: ioc0: Initiating bringup
[    2.754737] ioc0: LSI53C1030 A0: Capabilities={Initiator}
[    3.006727] scsi host2: ioc0: LSI53C1030 A0, FwRev=00000000h, Ports=1, MaxQ=256, IRQ=20
[    3.181098] scsi 2:0:0:0: Direct-Access     VBOX     HARDDISK         1.0  PQ: 0 ANSI: 5
[    3.216569] scsi target2:0:0: Beginning Domain Validation
[    3.232181] scsi target2:0:0: Domain Validation skipping write tests
[    3.237963] scsi target2:0:0: Ending Domain Validation
[    3.243433] scsi target2:0:0: asynchronous
[    3.249890] scsi 2:0:1:0: Direct-Access     VBOX     HARDDISK         1.0  PQ: 0 ANSI: 5
[    3.612164] scsi target2:0:1: Beginning Domain Validation
[    3.623171] scsi target2:0:1: Domain Validation skipping write tests
[    3.629434] scsi target2:0:1: Ending Domain Validation
[    3.635709] scsi target2:0:1: asynchronous
[    3.650593] sd 2:0:0:0: Attached scsi generic sg0 type 0
[    3.656629] sd 2:0:1:0: Attached scsi generic sg1 type 0
[    3.662377] sd 2:0:0:0: [sda] 83886080 512-byte logical blocks: (42.9 GB/40.0 GiB)
[    3.670637] sd 2:0:1:0: [sdb] 20480 512-byte logical blocks: (10.5 MB/10.0 MiB)
[    3.677815] sd 2:0:0:0: [sda] Write Protect is off
[    3.683224] sd 2:0:1:0: [sdb] Write Protect is off
[    3.691017] sd 2:0:0:0: [sda] Incomplete mode parameter data
[    3.696615] sd 2:0:0:0: [sda] Assuming drive cache: write through
[    3.702347] sd 2:0:1:0: [sdb] Incomplete mode parameter data
[    3.707775] sd 2:0:1:0: [sdb] Assuming drive cache: write through
[    3.719269]  sda: sda1
[    3.725007] sd 2:0:1:0: [sdb] Attached SCSI disk
[    3.725138] sd 2:0:0:0: [sda] Attached SCSI disk
[    3.787306] e1000 0000:00:08.0 eth1: (PCI:33MHz:32-bit) 08:00:27:54:38:1b
[    3.792882] e1000 0000:00:08.0 eth1: Intel(R) PRO/1000 Network Connection
[    3.800705] e1000 0000:00:08.0 enp0s8: renamed from eth1
[    3.920646] e1000 0000:00:03.0 enp0s3: renamed from eth0
Begin: Loading essential drivers ... [    6.762118] raid6: sse2x1   gen() 69496 MB/s
[    6.937373] raid6: sse2x1   xor()  9148 MB/s
[    7.037963] raid6: sse2x2   gen() 18713 MB/s
[    7.210965] raid6: sse2x2   xor() 14364 MB/s
[    7.538196] raid6: sse2x4   gen() 83904 MB/s
[    7.600322] raid6: sse2x4   xor()  8026 MB/s
[    7.717517] raid6: avx2x1   gen() 34776 MB/s
[    7.780436] raid6: avx2x1   xor() 11581 MB/s
[    7.875225] raid6: avx2x2   gen() 22192 MB/s
[    8.087813] raid6: avx2x2   xor() 28467 MB/s
[    8.200858] raid6: avx2x4   gen() 37995 MB/s
[    8.322072] raid6: avx2x4   xor() 23032 MB/s
[    8.326499] raid6: using algorithm sse2x4 gen() 83904 MB/s
[    8.331373] raid6: .... xor() 8026 MB/s, rmw enabled
[    8.337084] raid6: using avx2x2 recovery algorithm
[    8.346182] xor: automatically using best checksumming function   avx       
[    8.357845] async_tx: api initialized (async)
done.
Begin: Running /scripts/init-premount ... done.
Begin: Mounting root file system ... Begin: Running /scripts/local-top ... done.
Begin: Running /scripts/local-premount ... [    8.465419] Btrfs loaded, crc32c=crc32c-intel
Scanning for Btrfs filesystems
done.
Warning: fsck not present, so skipping root file system
[    8.517524] EXT4-fs (sda1): mounted filesystem with ordered data mode. Opts: (null)
done.
Begin: Running /scripts/local-bottom ... done.
Begin: Running /scripts/init-bottom ... done.
[    8.777688] ip_tables: (C) 2000-2006 Netfilter Core Team
[    8.801177] systemd[1]: systemd 237 running in system mode. (+PAM +AUDIT +SELINUX +IMA +APPARMOR +SMACK +SYSVINIT +UTMP +LIBCRYPTSETUP +GCRYPT +GNUTLS +ACL +XZ +LZ4 +SECCOMP +BLKID +ELFUTILS +KMOD -IDN2 +IDN -PCRE2 default-hierarchy=hybrid)
[    8.819187] systemd[1]: Detected virtualization oracle.
[    8.824417] systemd[1]: Detected architecture x86-64.

Welcome to [1mUbuntu 18.04.6 LTS[0m!

[    8.848860] systemd[1]: Set hostname to <web02>.
[    9.161224] systemd[1]: Set up automount Arbitrary Executable File Formats File System Automount Point.
[[0;32m  OK  [0m] Set up automount Arbitrary Executabâ€¦rmats File System Automount Point.
[    9.179803] systemd[1]: Created slice User and Session Slice.
[[0;32m  OK  [0m] Created slice User and Session Slice.
[    9.187096] systemd[1]: Reached target System Time Synchronized.
[[0;32m  OK  [0m] Reached target System Time Synchronized.
[    9.195373] systemd[1]: Reached target User and Group Name Lookups.
[[0;32m  OK  [0m] Reached target User and Group Name Lookups.
[    9.206941] systemd[1]: Created slice System Slice.
[[0;32m  OK  [0m] Created slice System Slice.
[    9.215725] systemd[1]: Listening on fsck to fsckd communication Socket.
[[0;32m  OK  [0m] Listening on fsck to fsckd communication Socket.
[[0;32m  OK  [0m] Listening on Journal Audit Socket.
[[0;32m  OK  [0m] Created slice system-serial\x2dgetty.slice.
[[0;32m  OK  [0m] Listening on /dev/initctl Compatibility Named Pipe.
[[0;32m  OK  [0m] Reached target Slices.
[[0;32m  OK  [0m] Listening on udev Kernel Socket.
[[0;32m  OK  [0m] Listening on Journal Socket.
         Starting Create list of required stâ€¦ce nodes for the current kernel...
         Mounting Kernel Debug File System...
         Starting Set the console keyboard layout...
         Starting Load Kernel Modules...
         Starting Uncomplicated firewall...
[[0;32m  OK  [0m] Listening on LVM2 poll daemon socket.
         Mounting Huge Pages File System...
[[0;32m  OK  [0m] Listening on Syslog Socket.
[[0;32m  OK  [0m] Reached target Mounting snaps.
[[0;32m  OK  [0m] Reached target Mounted snaps.
[[0;32m  OK  [0m] Listening on Network Service Netlink Socket.
         Starting File System Check on Root Device...
[[0;32m  OK  [0m] Listening on udev Control Socket.
[[0;32m  OK  [0m] Started Forward Password Requests to Wall Directory Watch.
[[0;32m  OK  [0m] Listening on LVM2 metadata daemon socket.
         Starting udev Coldplug all Devices...
[[0;32m  OK  [0m] Reached target Swap.
[[0;32m  OK  [0m] Listening on Device-mapper event daemon FIFOs.
         Starting Monitoring of LVM2 mirrorsâ€¦ng dmeventd or progress polling...
[[0;32m  OK  [0m] Listening on Journal Socket (/dev/log).
         Starting Journal Service...
[    9.353243] Loading iSCSI transport class v2.0-870.
         Mounting POSIX Message Queue File System...
[[0;32m  OK  [0m] Started Create list of required staâ€¦vice nodes for the current kernel.
[[0;32m  OK  [0m] Mounted Kernel Debug File System.
[[0;32m  OK  [0m] Started Uncomplicated firewall.
[[0;32m  OK  [0m] Mounted Huge Pages File System.
[[0;32m  OK  [0m] Mounted POSIX Message Queue File System.
[[0;32m  OK  [0m] Started File System Check Daemon to report status.
         Starting Create Static Device Nodes in /dev...
[[0;32m  OK  [0m] Started File System Check on Root Device.
         Starting Remount Root and Kernel File Systems...
[[0;32m  OK  [0m] Started LVM2 metadata daemon.
[[0;32m  OK  [0m] Started udev Coldplug all Devices.
[    9.474354] iscsi: registered transport (tcp)
[    9.499492] iscsi: registered transport (iser)
[[0;32m  OK  [0m] Started Load Kernel Modules.
         Mounting FUSE Control File System...
         Mounting Kernel Configuration File System...
         Starting Apply Kernel Variables...
[[0;32m  OK  [0m] Mounted Kernel Configuration File System.
[[0;32m  OK  [0m] Mounted FUSE Control File System.
[[0;32m  OK  [0m] Started Set the console keyboard layout.
[[0;32m  OK  [0m] Started Journal Service.
[[0;32m  OK  [0m] Started Create Static Device Nodes in /dev.
[[0;32m  OK  [0m] Started Remount Root and Kernel File Systems.
         Starting Load/Save Random Seed...
         Starting udev Kernel Device Manager...
         Starting Flush Journal to Persistent Storage...
[[0;32m  OK  [0m] Started Monitoring of LVM2 mirrors,â€¦sing dmeventd or progress polling.
[[0;32m  OK  [0m] Started Apply Kernel Variables.
[[0;32m  OK  [0m] Started Load/Save Random Seed.
[[0;32m  OK  [0m] Reached target Local File Systems (Pre).
[[0;32m  OK  [0m] Reached target Local File Systems.
         Starting ebtables ruleset management...
         Starting AppArmor initialization...
         Starting Tell Plymouth To Write Out Runtime Data...
         Starting Set console font and keymap...
[[0;32m  OK  [0m] Started udev Kernel Device Manager.
[[0;32m  OK  [0m] Started Dispatch Password Requests to Console Directory Watch.
[[0;32m  OK  [0m] Reached target Local Encrypted Volumes.
[[0;32m  OK  [0m] Started Tell Plymouth To Write Out Runtime Data.
[[0;32m  OK  [0m] Started Set console font and keymap.
[[0;32m  OK  [0m] Started Flush Journal to Persistent Storage.
         Starting Create Volatile Files and Directories...
[[0;32m  OK  [0m] Started Create Volatile Files and Directories.
         Starting Update UTMP about System Boot/Shutdown...
[[0;32m  OK  [0m] Started Update UTMP about System Boot/Shutdown.
[[0;32m  OK  [0m] Started ebtables ruleset management.
[[0;32m  OK  [0m] Found device /dev/ttyS0.
[[0;32m  OK  [0m] Started AppArmor initialization.
         Starting Load AppArmor profiles managed internally by snapd...
         Starting Initial cloud-init job (pre-networking)...
         Mounting Arbitrary Executable File Formats File System...
[[0;32m  OK  [0m] Listening on Load/Save RF Kill Switch Status /dev/rfkill Watch.
[[0;32m  OK  [0m] Mounted Arbitrary Executable File Formats File System.
[[0;32m  OK  [0m] Started Load AppArmor profiles managed internally by snapd.
[   11.941816] cloud-init[562]: Cloud-init v. 23.1.2-0ubuntu0~18.04.1 running 'init-local' at Fri, 29 Sep 2023 13:59:26 +0000. Up 11.71 seconds.
[[0;32m  OK  [0m] Started Initial cloud-init job (pre-networking).
[[0;32m  OK  [0m] Reached target Network (Pre).
         Starting Network Service...
[[0;32m  OK  [0m] Started Network Service.
         Starting Wait for Network to be Configured...
         Starting Network Name Resolution...
[[0;32m  OK  [0m] Started Network Name Resolution.
[[0;32m  OK  [0m] Reached target Network.
[[0;32m  OK  [0m] Reached target Host and Network Name Lookups.
[[0;32m  OK  [0m] Started Wait for Network to be Configured.
         Starting Initial cloud-init job (metadata service crawler)...
[   14.562041] cloud-init[682]: Cloud-init v. 23.1.2-0ubuntu0~18.04.1 running 'init' at Fri, 29 Sep 2023 13:59:29 +0000. Up 14.37 seconds.
[   14.566836] cloud-init[682]: ci-info: ++++++++++++++++++++++++++++++++++++++Net device info+++++++++++++++++++++++++++++++++++++++
[   14.572502] cloud-init[682]: ci-info: +--------+------+-----------------------------+---------------+--------+-------------------+
[   14.577333] cloud-init[682]: ci-info: | Device |  Up  |           Address           |      Mask     | Scope  |     Hw-Address    |
[   14.581785] cloud-init[682]: ci-info: +--------+------+-----------------------------+---------------+--------+-------------------+
[   14.586189] cloud-init[682]: ci-info: | enp0s3 | True |          10.0.2.15          | 255.255.255.0 | global | 02:3b:7b:b7:3b:2d |
[   14.590628] cloud-init[682]: ci-info: | enp0s3 | True |  fe80::3b:7bff:feb7:3b2d/64 |       .       |  link  | 02:3b:7b:b7:3b:2d |
[   14.594809] cloud-init[682]: ci-info: | enp0s8 | True |        192.168.56.42        | 255.255.255.0 | global | 08:00:27:54:38:1b |
[   14.598878] cloud-init[682]: ci-info: | enp0s8 | True | fe80::a00:27ff:fe54:381b/64 |       .       |  link  | 08:00:27:54:38:1b |
[   14.603803] cloud-init[682]: ci-info: |   lo   | True |          127.0.0.1          |   255.0.0.0   |  host  |         .         |
[   14.608231] cloud-init[682]: ci-info: |   lo   | True |           ::1/128           |       .       |  host  |         .         |
[   14.612725] cloud-init[682]: ci-info: +--------+------+-----------------------------+---------------+--------+-------------------+
[   14.617176] cloud-init[682]: ci-info: +++++++++++++++++++++++++++++Route IPv4 info+++++++++++++++++++++++++++++
[   14.620973] cloud-init[682]: ci-info: +-------+--------------+----------+-----------------+-----------+-------+
[   14.625072] cloud-init[682]: ci-info: | Route | Destination  | Gateway  |     Genmask     | Interface | Flags |
[   14.628930] cloud-init[682]: ci-info: +-------+--------------+----------+-----------------+-----------+-------+
[   14.632744] cloud-init[682]: ci-info: |   0   |   0.0.0.0    | 10.0.2.2 |     0.0.0.0     |   enp0s3  |   UG  |
[   14.636957] cloud-init[682]: ci-info: |   1   |   10.0.2.0   | 0.0.0.0  |  255.255.255.0  |   enp0s3  |   U   |
[   14.641136] cloud-init[682]: ci-info: |   2   |   10.0.2.2   | 0.0.0.0  | 255.255.255.255 |   enp0s3  |   UH  |
[   14.644953] cloud-init[682]: ci-info: |   3   | 192.168.56.0 | 0.0.0.0  |  255.255.255.0  |   enp0s8  |   U   |
[   14.648682] cloud-init[682]: ci-info: +-------+--------------+----------+-----------------+-----------+-------+
[   14.652394] cloud-init[682]: ci-info: +++++++++++++++++++Route IPv6 info+++++++++++++++++++
[   14.655548] cloud-init[682]: ci-info: +-------+-------------+---------+-----------+-------+
[   14.658975] cloud-init[682]: ci-info: | Route | Destination | Gateway | Interface | Flags |
[   14.662119] cloud-init[682]: ci-info: +-------+-------------+---------+-----------+-------+
[   14.665589] cloud-init[682]: ci-info: |   1   |  fe80::/64  |    ::   |   enp0s8  |   U   |
[   14.668853] cloud-init[682]: ci-info: |   2   |  fe80::/64  |    ::   |   enp0s3  |   U   |
[   14.671851] cloud-init[682]: ci-info: |   4   |    local    |    ::   |   enp0s3  |   U   |
[   14.674878] cloud-init[682]: ci-info: |   5   |    local    |    ::   |   enp0s8  |   U   |
[   14.678007] cloud-init[682]: ci-info: |   6   |   ff00::/8  |    ::   |   enp0s8  |   U   |
[   14.681639] cloud-init[682]: ci-info: |   7   |   ff00::/8  |    ::   |   enp0s3  |   U   |
[   14.684920] cloud-init[682]: ci-info: +-------+-------------+---------+-----------+-------+
[[0;32m  OK  [0m] Started Initial cloud-init job (metadata service crawler).
[[0;32m  OK  [0m] Reached target Network is Online.
         Starting Availability of block devices...
[[0;32m  OK  [0m] Reached target Remote File Systems (Pre).
         Mounting /vagrant...
[[0;32m  OK  [0m] Reached target Cloud-config availability.
[[0;32m  OK  [0m] Reached target System Initialization.
[[0;32m  OK  [0m] Started Daily apt download activities.
[[0;32m  OK  [0m] Started ACPI Events Check.
[[0;32m  OK  [0m] Listening on D-Bus System Message Bus Socket.
[[0;32m  OK  [0m] Listening on UUID daemon activation socket.
[[0;32m  OK  [0m] Started Daily Cleanup of Temporary Directories.
[[0;32m  OK  [0m] Started Ubuntu Advantage Timer for running repeated jobs.
[[0;32m  OK  [0m] Started Discard unused blocks once a week.
[[0;32m  OK  [0m] Listening on ACPID Listen Socket.
[[0;32m  OK  [0m] Listening on Open-iSCSI iscsid Socket.
[[0;32m  OK  [0m] Listening on cloud-init hotplug hook socket.
[[0;32m  OK  [0m] Reached target Paths.
         Starting Socket activation for snappy daemon.
         Starting LXD - unix socket.
[[0;32m  OK  [0m] Started Daily apt upgrade and clean activities.
[[0;32m  OK  [0m] Started Message of the Day.
[[0;32m  OK  [0m] Reached target Timers.
[[0;32m  OK  [0m] Started Availability of block devices.
[[0;32m  OK  [0m] Listening on Socket activation for snappy daemon.
[[0;32m  OK  [0m] Listening on LXD - unix socket.
[[0;32m  OK  [0m] Reached target Sockets.
[[0;32m  OK  [0m] Reached target Basic System.
[[0;32m  OK  [0m] Started Regular background program processing daemon.
         Starting System Logging Service...
         Starting Login Service...
[[0;32m  OK  [0m] Reached target Login Prompts (Pre).
         Starting LSB: Record successful boot for GRUB...
[[0;32m  OK  [0m] Started irqbalance daemon.
         Starting Snap Daemon...
         Starting Virtualbox guest utils...
[[0;32m  OK  [0m] Started FUSE filesystem for LXC.
[[0;32m  OK  [0m] Started Deferred execution scheduler.
[[0;32m  OK  [0m] Started D-Bus System Message Bus.
[[0;32m  OK  [0m] Started Login Service.
[[0;32m  OK  [0m] Started Unattended Upgrades Shutdown.
         Starting Accounts Service...
         Starting Dispatcher daemon for systemd-networkd...
         Starting OpenBSD Secure Shell server...
         Starting LXD - container startup/shutdown...
[[0;32m  OK  [0m] Started System Logging Service.
[[0;32m  OK  [0m] Mounted /vagrant.
[[0;32m  OK  [0m] Reached target Remote File Systems.
         Starting Permit User Sessions...
         Starting LSB: automatic crash report generation...
[[0;32m  OK  [0m] Started Permit User Sessions.
         Starting Hold until boot process finishes up...
         Starting Terminate Plymouth Boot Screen...
[[0;32m  OK  [0m] Started Hold until boot process finishes up.
[[0;32m  OK  [0m] Started Serial Getty on ttyS0.
         Starting Set console scheme...
[[0;32m  OK  [0m] Started Terminate Plymouth Boot Screen.
[[0;32m  OK  [0m] Started OpenBSD Secure Shell server.
[[0;32m  OK  [0m] Started Set console scheme.
[[0;32m  OK  [0m] Created slice system-getty.slice.
[[0;32m  OK  [0m] Started Getty on tty1.
[[0;32m  OK  [0m] Reached target Login Prompts.
[[0;32m  OK  [0m] Started LSB: Record successful boot for GRUB.
[[0;32m  OK  [0m] Started Virtualbox guest utils.
[[0;32m  OK  [0m] Started LSB: automatic crash report generation.
         Starting Authorization Manager...
[[0;32m  OK  [0m] Started Authorization Manager.
[[0;32m  OK  [0m] Started Accounts Service.
[[0;32m  OK  [0m] Started LXD - container startup/shutdown.
[[0;32m  OK  [0m] Started Dispatcher daemon for systemd-networkd.
[[0;32m  OK  [0m] Started Snap Daemon.
         Starting Wait until snapd is fully seeded...
         Starting Time & Date Service...
[[0;32m  OK  [0m] Started Time & Date Service.
[[0;32m  OK  [0m] Started Wait until snapd is fully seeded.
         Starting Apply the settings specified in cloud-config...
[   17.174408] cloud-init[1089]: Cloud-init v. 23.1.2-0ubuntu0~18.04.1 running 'modules:config' at Fri, 29 Sep 2023 13:59:31 +0000. Up 17.04 seconds.
[[0;32m  OK  [0m] Started Apply the settings specified in cloud-config.
[[0;32m  OK  [0m] Reached target Multi-User System.
[[0;32m  OK  [0m] Reached target Graphical Interface.
         Starting Update UTMP about System Runlevel Changes...
         Starting Execute cloud user/final scripts...
[[0;32m  OK  [0m] Started Update UTMP about System Runlevel Changes.
[   17.930446] cloud-init[1134]: Cloud-init v. 23.1.2-0ubuntu0~18.04.1 running 'modules:final' at Fri, 29 Sep 2023 13:59:32 +0000. Up 17.76 seconds.
[   17.935616] cloud-init[1134]: Cloud-init v. 23.1.2-0ubuntu0~18.04.1 finished at Fri, 29 Sep 2023 13:59:32 +0000. Datasource DataSourceNoCloud [seed=/dev/sdb][dsmode=net].  Up 17.91 seconds
[[0;32m  OK  [0m] Started Execute cloud user/final scripts.
[[0;32m  OK  [0m] Reached target Cloud-init target.

Ubuntu 18.04.6 LTS web02 ttyS0

web02 login: 